Archive member included to satisfy reference by file (symbol)

c:/program files (x86)/atmel/studio/7.0/toolchain/avr8/avr8-gnu-toolchain/bin/../lib/gcc/avr/5.4.0/avr5\libgcc.a(_udivmodqi4.o)
                              GLCD_LIB/u8g2_selection_list.o (__udivmodqi4)
c:/program files (x86)/atmel/studio/7.0/toolchain/avr8/avr8-gnu-toolchain/bin/../lib/gcc/avr/5.4.0/avr5\libgcc.a(_divmodhi4.o)
                              GLCD_LIB/u8g2_polygon.o (__divmodhi4)
c:/program files (x86)/atmel/studio/7.0/toolchain/avr8/avr8-gnu-toolchain/bin/../lib/gcc/avr/5.4.0/avr5\libgcc.a(_udivmodsi4.o)
                              main.o (__udivmodsi4)
c:/program files (x86)/atmel/studio/7.0/toolchain/avr8/avr8-gnu-toolchain/bin/../lib/gcc/avr/5.4.0/avr5\libgcc.a(_exit.o)
                              C:/Program Files (x86)/Atmel/Studio/7.0/Packs/atmel/ATmega_DFP/1.3.300/gcc/dev/atmega32/avr5/crtatmega32.o (exit)
c:/program files (x86)/atmel/studio/7.0/toolchain/avr8/avr8-gnu-toolchain/bin/../lib/gcc/avr/5.4.0/avr5\libgcc.a(_tablejump2.o)
                              main.o (__tablejump2__)
c:/program files (x86)/atmel/studio/7.0/toolchain/avr8/avr8-gnu-toolchain/bin/../lib/gcc/avr/5.4.0/avr5\libgcc.a(_copy_data.o)
                              GLCD_LIB/u8g2_input_value.o (__do_copy_data)
c:/program files (x86)/atmel/studio/7.0/toolchain/avr8/avr8-gnu-toolchain/bin/../lib/gcc/avr/5.4.0/avr5\libgcc.a(_clear_bss.o)
                              GLCD_LIB/u8g2_d_memory.o (__do_clear_bss)
c:/program files (x86)/atmel/studio/7.0/toolchain/avr8/avr8-gnu-toolchain/bin/../lib/gcc/avr/5.4.0/avr5\libgcc.a(_umulhisi3.o)
                              GLCD_LIB/u8x8_u16toa.o (__umulhisi3)
c:/program files (x86)/atmel/studio/7.0/toolchain/avr8/avr8-gnu-toolchain/bin/../lib/gcc/avr/5.4.0/avr5\libgcc.a(_udivmodhi4.o)
                              c:/program files (x86)/atmel/studio/7.0/toolchain/avr8/avr8-gnu-toolchain/bin/../lib/gcc/avr/5.4.0/avr5\libgcc.a(_divmodhi4.o) (__udivmodhi4)
c:/program files (x86)/atmel/studio/7.0/toolchain/avr8/avr8-gnu-toolchain/bin/../lib/gcc/avr/5.4.0/../../../../avr/lib/avr5\libc.a(memset.o)
                              GLCD_LIB/u8g2_buffer.o (memset)
c:/program files (x86)/atmel/studio/7.0/toolchain/avr8/avr8-gnu-toolchain/bin/../lib/gcc/avr/5.4.0/../../../../avr/lib/avr5\libc.a(putchar.o)
                              GLCD_LIB/u8x8_d_stdio.o (putchar)
c:/program files (x86)/atmel/studio/7.0/toolchain/avr8/avr8-gnu-toolchain/bin/../lib/gcc/avr/5.4.0/../../../../avr/lib/avr5\libc.a(sprintf.o)
                              main.o (sprintf)
c:/program files (x86)/atmel/studio/7.0/toolchain/avr8/avr8-gnu-toolchain/bin/../lib/gcc/avr/5.4.0/../../../../avr/lib/avr5\libc.a(vfprintf_std.o)
                              c:/program files (x86)/atmel/studio/7.0/toolchain/avr8/avr8-gnu-toolchain/bin/../lib/gcc/avr/5.4.0/../../../../avr/lib/avr5\libc.a(sprintf.o) (vfprintf)
c:/program files (x86)/atmel/studio/7.0/toolchain/avr8/avr8-gnu-toolchain/bin/../lib/gcc/avr/5.4.0/../../../../avr/lib/avr5\libc.a(strnlen_P.o)
                              c:/program files (x86)/atmel/studio/7.0/toolchain/avr8/avr8-gnu-toolchain/bin/../lib/gcc/avr/5.4.0/../../../../avr/lib/avr5\libc.a(vfprintf_std.o) (strnlen_P)
c:/program files (x86)/atmel/studio/7.0/toolchain/avr8/avr8-gnu-toolchain/bin/../lib/gcc/avr/5.4.0/../../../../avr/lib/avr5\libc.a(strnlen.o)
                              c:/program files (x86)/atmel/studio/7.0/toolchain/avr8/avr8-gnu-toolchain/bin/../lib/gcc/avr/5.4.0/../../../../avr/lib/avr5\libc.a(vfprintf_std.o) (strnlen)
c:/program files (x86)/atmel/studio/7.0/toolchain/avr8/avr8-gnu-toolchain/bin/../lib/gcc/avr/5.4.0/../../../../avr/lib/avr5\libc.a(fputc.o)
                              c:/program files (x86)/atmel/studio/7.0/toolchain/avr8/avr8-gnu-toolchain/bin/../lib/gcc/avr/5.4.0/../../../../avr/lib/avr5\libc.a(putchar.o) (fputc)
c:/program files (x86)/atmel/studio/7.0/toolchain/avr8/avr8-gnu-toolchain/bin/../lib/gcc/avr/5.4.0/../../../../avr/lib/avr5\libc.a(iob.o)
                              c:/program files (x86)/atmel/studio/7.0/toolchain/avr8/avr8-gnu-toolchain/bin/../lib/gcc/avr/5.4.0/../../../../avr/lib/avr5\libc.a(putchar.o) (__iob)
c:/program files (x86)/atmel/studio/7.0/toolchain/avr8/avr8-gnu-toolchain/bin/../lib/gcc/avr/5.4.0/../../../../avr/lib/avr5\libc.a(ultoa_invert.o)
                              c:/program files (x86)/atmel/studio/7.0/toolchain/avr8/avr8-gnu-toolchain/bin/../lib/gcc/avr/5.4.0/../../../../avr/lib/avr5\libc.a(vfprintf_std.o) (__ultoa_invert)
c:/program files (x86)/atmel/studio/7.0/toolchain/avr8/avr8-gnu-toolchain/bin/../lib/gcc/avr/5.4.0/avr5\libgcc.a(_prologue.o)
                              c:/program files (x86)/atmel/studio/7.0/toolchain/avr8/avr8-gnu-toolchain/bin/../lib/gcc/avr/5.4.0/../../../../avr/lib/avr5\libc.a(sprintf.o) (__prologue_saves__)
c:/program files (x86)/atmel/studio/7.0/toolchain/avr8/avr8-gnu-toolchain/bin/../lib/gcc/avr/5.4.0/avr5\libgcc.a(_epilogue.o)
[...]
Memory Configuration

Name             Origin             Length             Attributes
text             0x00000000         0x00020000         xr
data             0x00800060         0x0000ffa0         rw !x
eeprom           0x00810000         0x00010000         rw !x
fuse             0x00820000         0x00000002         rw !x
lock             0x00830000         0x00000400         rw !x
signature        0x00840000         0x00000400         rw !x
user_signatures  0x00850000         0x00000400         rw !x
*default*        0x00000000         0xffffffff

Linker script and memory map

LOAD C:/Program Files (x86)/Atmel/Studio/7.0/Packs/atmel/ATmega_DFP/1.3.300/gcc/dev/atmega32/avr5/crtatmega32.o
LOAD GLCD_LIB/u8g2_bitmap.o
LOAD GLCD_LIB/u8g2_box.o
LOAD GLCD_LIB/u8g2_buffer.o
LOAD GLCD_LIB/u8g2_circle.o
LOAD GLCD_LIB/u8g2_cleardisplay.o
LOAD GLCD_LIB/u8g2_d_memory.o
LOAD GLCD_LIB/u8g2_d_setup.o
LOAD GLCD_LIB/u8g2_font.o
LOAD GLCD_LIB/u8g2_fonts.o
LOAD GLCD_LIB/u8g2_hvline.o
LOAD GLCD_LIB/u8g2_input_value.o
LOAD GLCD_LIB/u8g2_intersection.o
LOAD GLCD_LIB/u8g2_kerning.o
LOAD GLCD_LIB/u8g2_line.o
LOAD GLCD_LIB/u8g2_ll_hvline.o
LOAD GLCD_LIB/u8g2_message.o
LOAD GLCD_LIB/u8g2_polygon.o
LOAD GLCD_LIB/u8g2_selection_list.o
LOAD GLCD_LIB/u8g2_setup.o
LOAD GLCD_LIB/u8log.o
LOAD GLCD_LIB/u8log_u8g2.o
LOAD GLCD_LIB/u8log_u8x8.o
LOAD GLCD_LIB/u8x8_8x8.o
LOAD GLCD_LIB/u8x8_byte.o
LOAD GLCD_LIB/u8x8_cad.o
LOAD GLCD_LIB/u8x8_capture.o
LOAD GLCD_LIB/u8x8_debounce.o
LOAD GLCD_LIB/u8x8_display.o
LOAD GLCD_LIB/u8x8_d_a2printer.o
LOAD GLCD_LIB/u8x8_d_il3820_296x128.o
LOAD GLCD_LIB/u8x8_d_ist3020.o
LOAD GLCD_LIB/u8x8_d_ist7920.o
LOAD GLCD_LIB/u8x8_d_ks0108.o
LOAD GLCD_LIB/u8x8_d_lc7981.o
LOAD GLCD_LIB/u8x8_d_ld7032_60x32.o
LOAD GLCD_LIB/u8x8_d_ls013b7dh03.o
LOAD GLCD_LIB/u8x8_d_max7219.o
LOAD GLCD_LIB/u8x8_d_pcd8544_84x48.o
LOAD GLCD_LIB/u8x8_d_pcf8812.o
LOAD GLCD_LIB/u8x8_d_pcf8814_hx1230.o
LOAD GLCD_LIB/u8x8_d_sbn1661.o
LOAD GLCD_LIB/u8x8_d_sed1330.o
LOAD GLCD_LIB/u8x8_d_sh1106_64x32.o
LOAD GLCD_LIB/u8x8_d_sh1106_72x40.o
LOAD GLCD_LIB/u8x8_d_sh1107.o
LOAD GLCD_LIB/u8x8_d_sh1108.o
LOAD GLCD_LIB/u8x8_d_sh1122.o
LOAD GLCD_LIB/u8x8_d_ssd1305.o
LOAD GLCD_LIB/u8x8_d_ssd1306_128x32.o
LOAD GLCD_LIB/u8x8_d_ssd1306_128x64_noname.o
LOAD GLCD_LIB/u8x8_d_ssd1306_48x64.o
LOAD GLCD_LIB/u8x8_d_ssd1306_64x32.o
LOAD GLCD_LIB/u8x8_d_ssd1306_64x48.o
LOAD GLCD_LIB/u8x8_d_ssd1306_72x40.o
LOAD GLCD_LIB/u8x8_d_ssd1306_96x16.o
LOAD GLCD_LIB/u8x8_d_ssd1309.o
LOAD GLCD_LIB/u8x8_d_ssd1316.o
LOAD GLCD_LIB/u8x8_d_ssd1317.o
LOAD GLCD_LIB/u8x8_d_ssd1318.o
LOAD GLCD_LIB/u8x8_d_ssd1322.o
LOAD GLCD_LIB/u8x8_d_ssd1325.o
LOAD GLCD_LIB/u8x8_d_ssd1326.o
LOAD GLCD_LIB/u8x8_d_ssd1327.o
LOAD GLCD_LIB/u8x8_d_ssd1329.o
LOAD GLCD_LIB/u8x8_d_ssd1606_172x72.o
LOAD GLCD_LIB/u8x8_d_ssd1607_200x200.o
LOAD GLCD_LIB/u8x8_d_st7511.o
LOAD GLCD_LIB/u8x8_d_st75256.o
LOAD GLCD_LIB/u8x8_d_st7528.o
LOAD GLCD_LIB/u8x8_d_st75320.o
LOAD GLCD_LIB/u8x8_d_st7565.o
LOAD GLCD_LIB/u8x8_d_st7567.o
LOAD GLCD_LIB/u8x8_d_st7586s_erc240160.o
LOAD GLCD_LIB/u8x8_d_st7586s_s028hn118a.o
LOAD GLCD_LIB/u8x8_d_st7588.o
LOAD GLCD_LIB/u8x8_d_st7920.o
LOAD GLCD_LIB/u8x8_d_stdio.o
LOAD GLCD_LIB/u8x8_d_t6963.o
LOAD GLCD_LIB/u8x8_d_uc1601.o
LOAD GLCD_LIB/u8x8_d_uc1604.o
LOAD GLCD_LIB/u8x8_d_uc1608.o
LOAD GLCD_LIB/u8x8_d_uc1610.o
LOAD GLCD_LIB/u8x8_d_uc1611.o
LOAD GLCD_LIB/u8x8_d_uc1617.o
LOAD GLCD_LIB/u8x8_d_uc1638.o
LOAD GLCD_LIB/u8x8_d_uc1701_dogs102.o
LOAD GLCD_LIB/u8x8_d_uc1701_mini12864.o
LOAD GLCD_LIB/u8x8_fonts.o
LOAD GLCD_LIB/u8x8_gpio.o
LOAD GLCD_LIB/u8x8_input_value.o
LOAD GLCD_LIB/u8x8_message.o
LOAD GLCD_LIB/u8x8_selection_list.o
LOAD GLCD_LIB/u8x8_setup.o
LOAD GLCD_LIB/u8x8_string.o
LOAD GLCD_LIB/u8x8_u16toa.o
LOAD GLCD_LIB/u8x8_u8toa.o
LOAD main.o
START GROUP
LOAD c:/program files (x86)/atmel/studio/7.0/toolchain/avr8/avr8-gnu-toolchain/bin/../lib/gcc/avr/5.4.0/../../../../avr/lib/avr5\libm.a
END GROUP
START GROUP
LOAD c:/program files (x86)/atmel/studio/7.0/toolchain/avr8/avr8-gnu-toolchain/bin/../lib/gcc/avr/5.4.0/avr5\libgcc.a
LOAD c:/program files (x86)/atmel/studio/7.0/toolchain/avr8/avr8-gnu-toolchain/bin/../lib/gcc/avr/5.4.0/../../../../avr/lib/avr5\libm.a
LOAD c:/program files (x86)/atmel/studio/7.0/toolchain/avr8/avr8-gnu-toolchain/bin/../lib/gcc/avr/5.4.0/../../../../avr/lib/avr5\libc.a
LOAD C:/Program Files (x86)/Atmel/Studio/7.0/Packs/atmel/ATmega_DFP/1.3.300/gcc/dev/atmega32/avr5\libatmega32.a
END GROUP
                0x00000000                __TEXT_REGION_ORIGIN__ = DEFINED (__TEXT_REGION_ORIGIN__)?__TEXT_REGION_ORIGIN__:0x0
                0x00800060                __DATA_REGION_ORIGIN__ = DEFINED (__DATA_REGION_ORIGIN__)?__DATA_REGION_ORIGIN__:0x800060
                0x00020000                __TEXT_REGION_LENGTH__ = DEFINED (__TEXT_REGION_LENGTH__)?__TEXT_REGION_LENGTH__:0x20000
                0x0000ffa0                __DATA_REGION_LENGTH__ = DEFINED (__DATA_REGION_LENGTH__)?__DATA_REGION_LENGTH__:0xffa0
                0x00010000                __EEPROM_REGION_LENGTH__ = DEFINED (__EEPROM_REGION_LENGTH__)?__EEPROM_REGION_LENGTH__:0x10000
                [0x00000002]                __FUSE_REGION_LENGTH__ = DEFINED (__FUSE_REGION_LENGTH__)?__FUSE_REGION_LENGTH__:0x400
                0x00000400                __LOCK_REGION_LENGTH__ = DEFINED (__LOCK_REGION_LENGTH__)?__LOCK_REGION_LENGTH__:0x400
                0x00000400                __SIGNATURE_REGION_LENGTH__ = DEFINED (__SIGNATURE_REGION_LENGTH__)?__SIGNATURE_REGION_LENGTH__:0x400
                0x00000400                __USER_SIGNATURE_REGION_LENGTH__ = DEFINED (__USER_SIGNATURE_REGION_LENGTH__)?__USER_SIGNATURE_REGION_LENGTH__:0x400

.hash
 *(.hash)

.dynsym
 *(.dynsym)

.dynstr
 *(.dynstr)

.gnu.version
 *(.gnu.version)

.gnu.version_d
 *(.gnu.version_d)

.gnu.version_r
 *(.gnu.version_r)

.rel.init
 *(.rel.init)

.rela.init
 *(.rela.init)

.rel.text
 *(.rel.text)
 *(.rel.text.*)
 *(.rel.gnu.linkonce.t*)

.rela.text
 *(.rela.text)
 *(.rela.text.*)
 *(.rela.gnu.linkonce.t*)

.rel.fini
 *(.rel.fini)

.rela.fini
 *(.rela.fini)

.rel.rodata
 *(.rel.rodata)
 *(.rel.rodata.*)
 *(.rel.gnu.linkonce.r*)

.rela.rodata
 *(.rela.rodata)
 *(.rela.rodata.*)
 *(.rela.gnu.linkonce.r*)

.rel.data
 *(.rel.data)
 *(.rel.data.*)
 *(.rel.gnu.linkonce.d*)

.rela.data
 *(.rela.data)
 *(.rela.data.*)
 *(.rela.gnu.linkonce.d*)

.rel.ctors
 *(.rel.ctors)

.rela.ctors
 *(.rela.ctors)

.rel.dtors
 *(.rel.dtors)

.rela.dtors
 *(.rela.dtors)

.rel.got
 *(.rel.got)

.rela.got
 *(.rela.got)

.rel.bss
 *(.rel.bss)

.rela.bss
 *(.rela.bss)

.rel.plt
 *(.rel.plt)

.rela.plt
 *(.rela.plt)

.text           0x00000000     0x225c
 *(.vectors)
 .vectors       0x00000000       0x54 C:/Program Files (x86)/Atmel/Studio/7.0/Packs/atmel/ATmega_DFP/1.3.300/gcc/dev/atmega32/avr5/crtatmega32.o
                0x00000000                __vector_default
                0x00000000                __vectors
 *(.vectors)
 *(.progmem.gcc*)
 .progmem.gcc_sw_table.u8x8_gpio_and_delay_template
                0x00000054       0x58 main.o
                0x000000ac                . = ALIGN (0x2)
                0x000000ac                __trampolines_start = .
 *(.trampolines)
 .trampolines   0x000000ac        0x0 linker stubs
 *(.trampolines*)
                0x000000ac                __trampolines_end = .
 *libprintf_flt.a:*(.progmem.data)
 *libc.a:*(.progmem.data)
 *(.progmem*)
 .progmem.u8g2_font_t0_18_tr
                0x000000ac      0x4d3 GLCD_LIB/u8g2_fonts.o
                0x000000ac                u8g2_font_t0_18_tr
                0x00000580                . = ALIGN (0x2)
 *fill*         0x0000057f        0x1 
 *(.jumptables)
 *(.jumptables*)
 *(.lowtext)
 *(.lowtext*)
                0x00000580                __ctors_start = .
 *(.ctors)
                0x00000580                __ctors_end = .
                0x00000580                __dtors_start = .
 *(.dtors)
                0x00000580                __dtors_end = .
 SORT(*)(.ctors)
 SORT(*)(.dtors)
 *(.init0)
 .init0         0x00000580        0x0 C:/Program Files (x86)/Atmel/Studio/7.0/Packs/atmel/ATmega_DFP/1.3.300/gcc/dev/atmega32/avr5/crtatmega32.o
                0x00000580                __init
 *(.init0)
 *(.init1)
 *(.init1)
 *(.init2)
 .init2         0x00000580        0xc C:/Program Files (x86)/Atmel/Studio/7.0/Packs/atmel/ATmega_DFP/1.3.300/gcc/dev/atmega32/avr5/crtatmega32.o
 *(.init2)
 *(.init3)
 *(.init3)
 *(.init4)
 .init4         0x0000058c       0x16 c:/program files (x86)/atmel/studio/7.0/toolchain/avr8/avr8-gnu-toolchain/bin/../lib/gcc/avr/5.4.0/avr5\libgcc.a(_copy_data.o)
                0x0000058c                __do_copy_data
 .init4         0x000005a2       0x10 c:/program files (x86)/atmel/studio/7.0/toolchain/avr8/avr8-gnu-toolchain/bin/../lib/gcc/avr/5.4.0/avr5\libgcc.a(_clear_bss.o)
                0x000005a2                __do_clear_bss
 *(.init4)
 *(.init5)
 *(.init5)
 *(.init6)
 *(.init6)
 *(.init7)
 *(.init7)
 *(.init8)
 *(.init8)
 *(.init9)
 .init9         0x000005b2        0x8 C:/Program Files (x86)/Atmel/Studio/7.0/Packs/atmel/ATmega_DFP/1.3.300/gcc/dev/atmega32/avr5/crtatmega32.o
 *(.init9)
 *(.text)
 .text          0x000005ba        0x4 C:/Program Files (x86)/Atmel/Studio/7.0/Packs/atmel/ATmega_DFP/1.3.300/gcc/dev/atmega32/avr5/crtatmega32.o
                0x000005ba                __vector_1
                0x000005ba                __vector_12
                0x000005ba                __bad_interrupt
                0x000005ba                __vector_6
                0x000005ba                __vector_3
                0x000005ba                __vector_11
                0x000005ba                __vector_13
                0x000005ba                __vector_17
                0x000005ba                __vector_19
                0x000005ba                __vector_7
                0x000005ba                __vector_5
                0x000005ba                __vector_4
                0x000005ba                __vector_9
                0x000005ba                __vector_2
                0x000005ba                __vector_15
                0x000005ba                __vector_8
                0x000005ba                __vector_14
                0x000005ba                __vector_10
                0x000005ba                __vector_16
                0x000005ba                __vector_18
                0x000005ba                __vector_20
                0x000005be                . = ALIGN (0x2)
 *(.text.*)
 .text.u8g2_send_buffer
                0x000005be       0x98 GLCD_LIB/u8g2_buffer.o
 .text.u8g2_ClearBuffer
                0x00000656       0x2c GLCD_LIB/u8g2_buffer.o
                0x00000656                u8g2_ClearBuffer
 .text.u8g2_SendBuffer
                0x00000682       0x16 GLCD_LIB/u8g2_buffer.o
                0x00000682                u8g2_SendBuffer
 .text.u8g2_m_16_8_f
                0x00000698        0xc GLCD_LIB/u8g2_d_memory.o
                0x00000698                u8g2_m_16_8_f
 .text.u8g2_Setup_ks0108_128x64_f
                0x000006a4       0x56 GLCD_LIB/u8g2_d_setup.o
                0x000006a4                u8g2_Setup_ks0108_128x64_f
 .text.u8g2_font_get_word
                0x000006fa       0x18 GLCD_LIB/u8g2_font.o
 .text.u8g2_font_calc_vref_font
                0x00000712        0x4 GLCD_LIB/u8g2_font.o
                0x00000712                u8g2_font_calc_vref_font
 .text.u8g2_read_font_info
                0x00000716       0xbe GLCD_LIB/u8g2_font.o
                0x00000716                u8g2_read_font_info
 .text.u8g2_font_decode_get_unsigned_bits
                0x000007d4       0x60 GLCD_LIB/u8g2_font.o
                0x000007d4                u8g2_font_decode_get_unsigned_bits
 .text.u8g2_font_setup_decode
                0x00000834       0x5c GLCD_LIB/u8g2_font.o
 .text.u8g2_font_decode_get_signed_bits
                0x00000890       0x1e GLCD_LIB/u8g2_font.o
                0x00000890                u8g2_font_decode_get_signed_bits
 .text.u8g2_add_vector_y
                0x000008ae       0x1c GLCD_LIB/u8g2_font.o
                0x000008ae                u8g2_add_vector_y
 .text.u8g2_add_vector_x
                0x000008ca       0x1c GLCD_LIB/u8g2_font.o
                0x000008ca                u8g2_add_vector_x
 .text.u8g2_font_decode_len
                0x000008e6      0x124 GLCD_LIB/u8g2_font.o
                0x000008e6                u8g2_font_decode_len
 .text.u8g2_font_decode_glyph
                0x00000a0a      0x172 GLCD_LIB/u8g2_font.o
                0x00000a0a                u8g2_font_decode_glyph
 .text.u8g2_font_get_glyph_data
                0x00000b7c      0x126 GLCD_LIB/u8g2_font.o
                0x00000b7c                u8g2_font_get_glyph_data
 .text.u8g2_DrawGlyph
                0x00000ca2       0x84 GLCD_LIB/u8g2_font.o
                0x00000ca2                u8g2_DrawGlyph
 .text.u8g2_draw_string
                0x00000d26       0x94 GLCD_LIB/u8g2_font.o
 .text.u8g2_DrawStr
                0x00000dba       0x14 GLCD_LIB/u8g2_font.o
                0x00000dba                u8g2_DrawStr
 .text.u8g2_UpdateRefHeight
                0x00000dce       0x86 GLCD_LIB/u8g2_font.o
                0x00000dce                u8g2_UpdateRefHeight
 .text.u8g2_SetFontPosBaseline
                0x00000e54        0xc GLCD_LIB/u8g2_font.o
                0x00000e54                u8g2_SetFontPosBaseline
 .text.u8g2_SetFont
                0x00000e60       0x2a GLCD_LIB/u8g2_font.o
                0x00000e60                u8g2_SetFont
 .text.u8g2_draw_hv_line_2dir
                0x00000e8a       0x1a GLCD_LIB/u8g2_hvline.o
                0x00000e8a                u8g2_draw_hv_line_2dir
 .text.u8g2_DrawHVLine
                0x00000ea4       0xde GLCD_LIB/u8g2_hvline.o
                0x00000ea4                u8g2_DrawHVLine
 .text.u8g2_is_intersection_decision_tree
                0x00000f82       0x28 GLCD_LIB/u8g2_intersection.o
                0x00000f82                u8g2_is_intersection_decision_tree
 .text.u8g2_IsIntersection
                0x00000faa       0x36 GLCD_LIB/u8g2_intersection.o
                0x00000faa                u8g2_IsIntersection
 .text.u8g2_ll_hvline_vertical_top_lsb
                0x00000fe0       0xc6 GLCD_LIB/u8g2_ll_hvline.o
                0x00000fe0                u8g2_ll_hvline_vertical_top_lsb
 .text.u8g2_update_dimension_common
                0x000010a6       0x76 GLCD_LIB/u8g2_setup.o
 .text.u8g2_update_dimension_r0
                0x0000111c        0x6 GLCD_LIB/u8g2_setup.o
                0x0000111c                u8g2_update_dimension_r0
 .text.u8g2_apply_clip_window
                0x00001122       0x5a GLCD_LIB/u8g2_setup.o
 .text.u8g2_update_page_win_r0
                0x0000117c       0x18 GLCD_LIB/u8g2_setup.o
                0x0000117c                u8g2_update_page_win_r0
 .text.u8g2_draw_l90_r0
                0x00001194        0xa GLCD_LIB/u8g2_setup.o
                0x00001194                u8g2_draw_l90_r0
 .text.u8g2_SetMaxClipWindow
                0x0000119e       0x30 GLCD_LIB/u8g2_setup.o
                0x0000119e                u8g2_SetMaxClipWindow
 .text.u8g2_SetupBuffer
                0x000011ce       0x5a GLCD_LIB/u8g2_setup.o
                0x000011ce                u8g2_SetupBuffer
 .text.u8x8_ascii_next
                0x00001228       0x1a GLCD_LIB/u8x8_8x8.o
                0x00001228                u8x8_ascii_next
 .text.u8x8_utf8_init
                0x00001242        0x6 GLCD_LIB/u8x8_8x8.o
                0x00001242                u8x8_utf8_init
 .text.u8x8_byte_SetDC
                0x00001248       0x16 GLCD_LIB/u8x8_byte.o
                0x00001248                u8x8_byte_SetDC
 .text.u8x8_byte_SendBytes
                0x0000125e       0x14 GLCD_LIB/u8x8_byte.o
                0x0000125e                u8x8_byte_SendBytes
 .text.u8x8_byte_SendByte
                0x00001272       0x20 GLCD_LIB/u8x8_byte.o
                0x00001272                u8x8_byte_SendByte
 .text.u8x8_byte_set_ks0108_cs
                0x00001292       0x38 GLCD_LIB/u8x8_byte.o
                0x00001292                u8x8_byte_set_ks0108_cs
 .text.u8x8_byte_ks0108
                0x000012ca      0x128 GLCD_LIB/u8x8_byte.o
                0x000012ca                u8x8_byte_ks0108
 .text.u8x8_cad_SendCmd
                0x000013f2       0x16 GLCD_LIB/u8x8_cad.o
                0x000013f2                u8x8_cad_SendCmd
 .text.u8x8_cad_SendData
                0x00001408       0x14 GLCD_LIB/u8x8_cad.o
                0x00001408                u8x8_cad_SendData
 .text.u8x8_cad_SendSequence
                0x0000141c       0xa6 GLCD_LIB/u8x8_cad.o
                0x0000141c                u8x8_cad_SendSequence
 .text.u8x8_cad_001
                0x000014c2       0x7e GLCD_LIB/u8x8_cad.o
                0x000014c2                u8x8_cad_001
 .text.u8x8_d_helper_display_setup_memory
                0x00001540       0x10 GLCD_LIB/u8x8_display.o
                0x00001540                u8x8_d_helper_display_setup_memory
 .text.u8x8_d_helper_display_init
                0x00001550       0x72 GLCD_LIB/u8x8_display.o
                0x00001550                u8x8_d_helper_display_init
 .text.u8x8_DrawTile
                0x000015c2       0x46 GLCD_LIB/u8x8_display.o
                0x000015c2                u8x8_DrawTile
 .text.u8x8_SetupMemory
                0x00001608       0x16 GLCD_LIB/u8x8_display.o
                0x00001608                u8x8_SetupMemory
 .text.u8x8_InitDisplay
                0x0000161e       0x16 GLCD_LIB/u8x8_display.o
                0x0000161e                u8x8_InitDisplay
 .text.u8x8_RefreshDisplay
                0x00001634       0x16 GLCD_LIB/u8x8_display.o
                0x00001634                u8x8_RefreshDisplay
 .text.u8x8_ks0108_out
                0x0000164a       0xa2 GLCD_LIB/u8x8_d_ks0108.o
 .text.u8x8_d_ks0108_128x64
                0x000016ec      0x248 GLCD_LIB/u8x8_d_ks0108.o
                0x000016ec                u8x8_d_ks0108_128x64
 .text.u8x8_gpio_call
                0x00001934       0x12 GLCD_LIB/u8x8_gpio.o
                0x00001934                u8x8_gpio_call
 .text.u8x8_dummy_cb
                0x00001946        0x4 GLCD_LIB/u8x8_setup.o
                0x00001946                u8x8_dummy_cb
 .text.u8x8_SetupDefaults
                0x0000194a       0x2e GLCD_LIB/u8x8_setup.o
                0x0000194a                u8x8_SetupDefaults
 .text.u8x8_Setup
                0x00001978       0x4c GLCD_LIB/u8x8_setup.o
                0x00001978                u8x8_Setup
 .text.u8x8_gpio_and_delay_template
                0x000019c4      0x144 main.o
                0x000019c4                u8x8_gpio_and_delay_template
 .text.GPIO_INIT
                0x00001b08        0x8 main.o
                0x00001b08                GPIO_INIT
 .text.main     0x00001b10       0xf8 main.o
                0x00001b10                main
 .text.libgcc.div
                0x00001c08       0x44 c:/program files (x86)/atmel/studio/7.0/toolchain/avr8/avr8-gnu-toolchain/bin/../lib/gcc/avr/5.4.0/avr5\libgcc.a(_udivmodsi4.o)
                0x00001c08                __udivmodsi4
 .text.libgcc   0x00001c4c        0xc c:/program files (x86)/atmel/studio/7.0/toolchain/avr8/avr8-gnu-toolchain/bin/../lib/gcc/avr/5.4.0/avr5\libgcc.a(_tablejump2.o)
                0x00001c4c                __tablejump2__
 .text.libgcc.mul
                0x00001c58       0x1e c:/program files (x86)/atmel/studio/7.0/toolchain/avr8/avr8-gnu-toolchain/bin/../lib/gcc/avr/5.4.0/avr5\libgcc.a(_umulhisi3.o)
                0x00001c58                __umulhisi3
 .text.avr-libc
                0x00001c76        0xe c:/program files (x86)/atmel/studio/7.0/toolchain/avr8/avr8-gnu-toolchain/bin/../lib/gcc/avr/5.4.0/../../../../avr/lib/avr5\libc.a(memset.o)
                0x00001c76                memset
 .text.avr-libc
                0x00001c84       0x44 c:/program files (x86)/atmel/studio/7.0/toolchain/avr8/avr8-gnu-toolchain/bin/../lib/gcc/avr/5.4.0/../../../../avr/lib/avr5\libc.a(sprintf.o)
                0x00001c84                sprintf
 .text.avr-libc
                0x00001cc8      0x3c2 c:/program files (x86)/atmel/studio/7.0/toolchain/avr8/avr8-gnu-toolchain/bin/../lib/gcc/avr/5.4.0/../../../../avr/lib/avr5\libc.a(vfprintf_std.o)
                0x00001cc8                vfprintf
 .text.avr-libc
                0x0000208a       0x16 c:/program files (x86)/atmel/studio/7.0/toolchain/avr8/avr8-gnu-toolchain/bin/../lib/gcc/avr/5.4.0/../../../../avr/lib/avr5\libc.a(strnlen_P.o)
                0x0000208a                strnlen_P
 .text.avr-libc
                0x000020a0       0x16 c:/program files (x86)/atmel/studio/7.0/toolchain/avr8/avr8-gnu-toolchain/bin/../lib/gcc/avr/5.4.0/../../../../avr/lib/avr5\libc.a(strnlen.o)
                0x000020a0                strnlen
 .text.avr-libc
                0x000020b6       0x78 c:/program files (x86)/atmel/studio/7.0/toolchain/avr8/avr8-gnu-toolchain/bin/../lib/gcc/avr/5.4.0/../../../../avr/lib/avr5\libc.a(fputc.o)
                0x000020b6                fputc
 .text.avr-libc
                0x0000212e       0xbc c:/program files (x86)/atmel/studio/7.0/toolchain/avr8/avr8-gnu-toolchain/bin/../lib/gcc/avr/5.4.0/../../../../avr/lib/avr5\libc.a(ultoa_invert.o)
                0x0000212e                __ultoa_invert
 .text.libgcc.prologue
                0x000021ea       0x38 c:/program files (x86)/atmel/studio/7.0/toolchain/avr8/avr8-gnu-toolchain/bin/../lib/gcc/avr/5.4.0/avr5\libgcc.a(_prologue.o)
                0x000021ea                __prologue_saves__
 .text.libgcc.prologue
                0x00002222       0x36 c:/program files (x86)/atmel/studio/7.0/toolchain/avr8/avr8-gnu-toolchain/bin/../lib/gcc/avr/5.4.0/avr5\libgcc.a(_epilogue.o)
                0x00002222                __epilogue_restores__
                0x00002258                . = ALIGN (0x2)
 *(.fini9)
 .fini9         0x00002258        0x0 c:/program files (x86)/atmel/studio/7.0/toolchain/avr8/avr8-gnu-toolchain/bin/../lib/gcc/avr/5.4.0/avr5\libgcc.a(_exit.o)
                0x00002258                _exit
                0x00002258                exit
 *(.fini9)
 *(.fini8)
 *(.fini8)
 *(.fini7)
 *(.fini7)
 *(.fini6)
 *(.fini6)
 *(.fini5)
 *(.fini5)
 *(.fini4)
 *(.fini4)
 *(.fini3)
 *(.fini3)
 *(.fini2)
 *(.fini2)
 *(.fini1)
 *(.fini1)
 *(.fini0)
 .fini0         0x00002258        0x4 c:/program files (x86)/atmel/studio/7.0/toolchain/avr8/avr8-gnu-toolchain/bin/../lib/gcc/avr/5.4.0/avr5\libgcc.a(_exit.o)
 *(.fini0)
                0x0000225c                _etext = .

.data           0x00800060       0x3c load address 0x0000225c
                0x00800060                PROVIDE (__data_start, .)
 *(.data)
 *(.data*)
 *(.gnu.linkonce.d*)
 *(.rodata)
 *(.rodata*)
 .rodata.u8g2_cb_r0
                0x00800060        0x6 GLCD_LIB/u8g2_setup.o
                0x00800060                u8g2_cb_r0
 .rodata.u8x8_ks0108_128x64_display_info
                0x00800066       0x18 GLCD_LIB/u8x8_d_ks0108.o
 .rodata.u8x8_d_ks0108_powersave1_seq
                0x0080007e        0x3 GLCD_LIB/u8x8_d_ks0108.o
 .rodata.u8x8_d_ks0108_powersave0_seq
                0x00800081        0x3 GLCD_LIB/u8x8_d_ks0108.o
 .rodata.u8x8_d_ks0108_init_seq
                0x00800084        0x3 GLCD_LIB/u8x8_d_ks0108.o
 .rodata.str1.1
                0x00800087       0x14 main.o
 *(.gnu.linkonce.r*)
                0x0080009c                . = ALIGN (0x2)
 *fill*         0x0080009b        0x1 
                0x0080009c                _edata = .
                0x0080009c                PROVIDE (__data_end, .)

.bss            0x0080009c      0x465
                0x0080009c                PROVIDE (__bss_start, .)
 *(.bss)
 *(.bss*)
 .bss.buf.8607  0x0080009c      0x400 GLCD_LIB/u8g2_d_memory.o
 *(COMMON)
 COMMON         0x0080049c       0x65 main.o
                0x0080049c                u8g2
                0x00800501                PROVIDE (__bss_end, .)
                0x0000225c                __data_load_start = LOADADDR (.data)
                0x00002298                __data_load_end = (__data_load_start + SIZEOF (.data))

.noinit         0x00800501        0x0
                [!provide]                PROVIDE (__noinit_start, .)
 *(.noinit*)
                [!provide]                PROVIDE (__noinit_end, .)
                0x00800501                _end = .
                [!provide]                PROVIDE (__heap_start, .)

.eeprom         0x00810000        0x0
 *(.eeprom*)
                0x00810000                __eeprom_end = .

.fuse
 *(.fuse)
 *(.lfuse)
 *(.hfuse)
 *(.efuse)

.lock
 *(.lock*)

.signature
 *(.signature*)

.user_signatures
 *(.user_signatures*)

.stab
 *(.stab)

.stabstr
 *(.stabstr)

.stab.excl
 *(.stab.excl)

.stab.exclstr
 *(.stab.exclstr)

.stab.index
 *(.stab.index)

.stab.indexstr
 *(.stab.indexstr)

.comment        0x00000000       0x5c
 *(.comment)
 .comment       0x00000000       0x30 GLCD_LIB/u8g2_buffer.o
                                 0x31 (size before relaxing)
 .comment       0x00000030       0x31 GLCD_LIB/u8g2_d_memory.o
 .comment       0x00000030       0x31 GLCD_LIB/u8g2_d_setup.o
 .comment       0x00000030       0x31 GLCD_LIB/u8g2_font.o
 .comment       0x00000030       0x31 GLCD_LIB/u8g2_fonts.o
 .comment       0x00000030       0x31 GLCD_LIB/u8g2_hvline.o
 .comment       0x00000030       0x31 GLCD_LIB/u8g2_intersection.o
 .comment       0x00000030       0x31 GLCD_LIB/u8g2_ll_hvline.o
 .comment       0x00000030       0x31 GLCD_LIB/u8g2_setup.o
 .comment       0x00000030       0x31 GLCD_LIB/u8x8_8x8.o
 .comment       0x00000030       0x31 GLCD_LIB/u8x8_byte.o
 .comment       0x00000030       0x31 GLCD_LIB/u8x8_cad.o
 .comment       0x00000030       0x31 GLCD_LIB/u8x8_display.o
 .comment       0x00000030       0x31 GLCD_LIB/u8x8_d_ks0108.o
 .comment       0x00000030       0x31 GLCD_LIB/u8x8_gpio.o
 .comment       0x00000030       0x31 GLCD_LIB/u8x8_setup.o
 .comment       0x00000030       0x31 main.o
 .comment       0x00000030       0x31 c:/program files (x86)/atmel/studio/7.0/toolchain/avr8/avr8-gnu-toolchain/bin/../lib/gcc/avr/5.4.0/../../../../avr/lib/avr5\libc.a(sprintf.o)
 .comment       0x00000030       0x2c c:/program files (x86)/atmel/studio/7.0/toolchain/avr8/avr8-gnu-toolchain/bin/../lib/gcc/avr/5.4.0/../../../../avr/lib/avr5\libc.a(vfprintf_std.o)
                                 0x2d (size before relaxing)
 .comment       0x0000005c       0x31 c:/program files (x86)/atmel/studio/7.0/toolchain/avr8/avr8-gnu-toolchain/bin/../lib/gcc/avr/5.4.0/../../../../avr/lib/avr5\libc.a(fputc.o)

.note.gnu.avr.deviceinfo
                0x00000000       0x3c
 .note.gnu.avr.deviceinfo
                0x00000000       0x3c C:/Program Files (x86)/Atmel/Studio/7.0/Packs/atmel/ATmega_DFP/1.3.300/gcc/dev/atmega32/avr5/crtatmega32.o

.note.gnu.build-id
 *(.note.gnu.build-id)

.debug
 *(.debug)

.line
 *(.line)

.debug_srcinfo
 *(.debug_srcinfo)

.debug_sfnames
 *(.debug_sfnames)

.debug_aranges  0x00000000     0x1e48
 *(.debug_aranges)
 .debug_aranges
                0x00000000       0x78 GLCD_LIB/u8g2_buffer.o
 .debug_aranges
                0x00000078      0x438 GLCD_LIB/u8g2_d_memory.o
 .debug_aranges
                0x000004b0     0x1338 GLCD_LIB/u8g2_d_setup.o
 .debug_aranges
                0x000017e8      0x190 GLCD_LIB/u8g2_font.o
 .debug_aranges
                0x00001978       0x18 GLCD_LIB/u8g2_fonts.o
 .debug_aranges
                0x00001990       0x48 GLCD_LIB/u8g2_hvline.o
 .debug_aranges
                0x000019d8       0x28 GLCD_LIB/u8g2_intersection.o
 .debug_aranges
                0x00001a00       0x28 GLCD_LIB/u8g2_ll_hvline.o
 .debug_aranges
                0x00001a28       0xc0 GLCD_LIB/u8g2_setup.o
 .debug_aranges
                0x00001ae8       0xb8 GLCD_LIB/u8x8_8x8.o
 .debug_aranges
                0x00001ba0       0xb0 GLCD_LIB/u8x8_byte.o
 .debug_aranges
                0x00001c50       0xc0 GLCD_LIB/u8x8_cad.o
 .debug_aranges
                0x00001d10       0x80 GLCD_LIB/u8x8_display.o
 .debug_aranges
                0x00001d90       0x30 GLCD_LIB/u8x8_d_ks0108.o
 .debug_aranges
                0x00001dc0       0x20 GLCD_LIB/u8x8_gpio.o
 .debug_aranges
                0x00001de0       0x38 GLCD_LIB/u8x8_setup.o
 .debug_aranges
                0x00001e18       0x30 main.o

.debug_pubnames
 *(.debug_pubnames)

.debug_info     0x00000000    0x433d6
 *(.debug_info .gnu.linkonce.wi.*)
 .debug_info    0x00000000      0x4e6 C:/Program Files (x86)/Atmel/Studio/7.0/Packs/atmel/ATmega_DFP/1.3.300/gcc/dev/atmega32/avr5/crtatmega32.o
 .debug_info    0x000004e6      0xe94 GLCD_LIB/u8g2_buffer.o
 .debug_info    0x0000137a     0x2644 GLCD_LIB/u8g2_d_memory.o
 .debug_info    0x000039be    0x22fdf GLCD_LIB/u8g2_d_setup.o
 .debug_info    0x0002699d     0x29dc GLCD_LIB/u8g2_font.o
 .debug_info    0x00029379     0xf937 GLCD_LIB/u8g2_fonts.o
 .debug_info    0x00038cb0      0xbf2 GLCD_LIB/u8g2_hvline.o
 .debug_info    0x000398a2      0x92a GLCD_LIB/u8g2_intersection.o
 .debug_info    0x0003a1cc      0x9a7 GLCD_LIB/u8g2_ll_hvline.o
 .debug_info    0x0003ab73     0x11bd GLCD_LIB/u8g2_setup.o
 .debug_info    0x0003bd30     0x13ef GLCD_LIB/u8x8_8x8.o
 .debug_info    0x0003d11f     0x1a49 GLCD_LIB/u8x8_byte.o
 .debug_info    0x0003eb68     0x18fa GLCD_LIB/u8x8_cad.o
 .debug_info    0x00040462      0x9a6 GLCD_LIB/u8x8_display.o
 .debug_info    0x00040e08     0x1003 GLCD_LIB/u8x8_d_ks0108.o
 .debug_info    0x00041e0b      0x3c6 GLCD_LIB/u8x8_gpio.o
 .debug_info    0x000421d1      0x52b GLCD_LIB/u8x8_setup.o
 .debug_info    0x000426fc      0xcda main.o

.debug_abbrev   0x00000000     0x2539
 *(.debug_abbrev)
 .debug_abbrev  0x00000000      0x4a3 C:/Program Files (x86)/Atmel/Studio/7.0/Packs/atmel/ATmega_DFP/1.3.300/gcc/dev/atmega32/avr5/crtatmega32.o
 .debug_abbrev  0x000004a3      0x230 GLCD_LIB/u8g2_buffer.o
 .debug_abbrev  0x000006d3       0xd8 GLCD_LIB/u8g2_d_memory.o
 .debug_abbrev  0x000007ab      0x196 GLCD_LIB/u8g2_d_setup.o
 .debug_abbrev  0x00000941      0x3e8 GLCD_LIB/u8g2_font.o
 .debug_abbrev  0x00000d29       0x88 GLCD_LIB/u8g2_fonts.o
 .debug_abbrev  0x00000db1      0x1aa GLCD_LIB/u8g2_hvline.o
 .debug_abbrev  0x00000f5b      0x159 GLCD_LIB/u8g2_intersection.o
 .debug_abbrev  0x000010b4      0x14f GLCD_LIB/u8g2_ll_hvline.o
 .debug_abbrev  0x00001203      0x286 GLCD_LIB/u8g2_setup.o
 .debug_abbrev  0x00001489      0x367 GLCD_LIB/u8x8_8x8.o
 .debug_abbrev  0x000017f0      0x263 GLCD_LIB/u8x8_byte.o
 .debug_abbrev  0x00001a53      0x25c GLCD_LIB/u8x8_cad.o
 .debug_abbrev  0x00001caf      0x1bf GLCD_LIB/u8x8_display.o
 .debug_abbrev  0x00001e6e      0x193 GLCD_LIB/u8x8_d_ks0108.o
 .debug_abbrev  0x00002001       0xe9 GLCD_LIB/u8x8_gpio.o
 .debug_abbrev  0x000020ea      0x17a GLCD_LIB/u8x8_setup.o
 .debug_abbrev  0x00002264      0x2d5 main.o

.debug_line     0x00000000     0xb4e7
 *(.debug_line .debug_line.* .debug_line_end)
 .debug_line    0x00000000      0x115 C:/Program Files (x86)/Atmel/Studio/7.0/Packs/atmel/ATmega_DFP/1.3.300/gcc/dev/atmega32/avr5/crtatmega32.o
 .debug_line    0x00000115      0x370 GLCD_LIB/u8g2_buffer.o
 .debug_line    0x00000485      0xf87 GLCD_LIB/u8g2_d_memory.o
 .debug_line    0x0000140c     0x62a9 GLCD_LIB/u8g2_d_setup.o
 .debug_line    0x000076b5      0xd83 GLCD_LIB/u8g2_font.o
 .debug_line    0x00008438       0x98 GLCD_LIB/u8g2_fonts.o
 .debug_line    0x000084d0      0x237 GLCD_LIB/u8g2_hvline.o
 .debug_line    0x00008707      0x111 GLCD_LIB/u8g2_intersection.o
 .debug_line    0x00008818      0x23a GLCD_LIB/u8g2_ll_hvline.o
 .debug_line    0x00008a52      0x5a3 GLCD_LIB/u8g2_setup.o
 .debug_line    0x00008ff5      0x6b2 GLCD_LIB/u8x8_8x8.o
 .debug_line    0x000096a7      0x8bf GLCD_LIB/u8x8_byte.o
 .debug_line    0x00009f66      0x98d GLCD_LIB/u8x8_cad.o
 .debug_line    0x0000a8f3      0x2a0 GLCD_LIB/u8x8_display.o
 .debug_line    0x0000ab93      0x3af GLCD_LIB/u8x8_d_ks0108.o
 .debug_line    0x0000af42       0xb7 GLCD_LIB/u8x8_gpio.o
 .debug_line    0x0000aff9      0x16f GLCD_LIB/u8x8_setup.o
 .debug_line    0x0000b168      0x37f main.o

.debug_frame    0x00000000     0xb884
 *(.debug_frame)
 .debug_frame   0x00000000      0x1c8 GLCD_LIB/u8g2_buffer.o
 .debug_frame   0x000001c8      0x854 GLCD_LIB/u8g2_d_memory.o
 .debug_frame   0x00000a1c     0x9914 GLCD_LIB/u8g2_d_setup.o
 .debug_frame   0x0000a330      0x5c4 GLCD_LIB/u8g2_font.o
 .debug_frame   0x0000a8f4       0x9c GLCD_LIB/u8g2_hvline.o
 .debug_frame   0x0000a990       0x50 GLCD_LIB/u8g2_intersection.o
 .debug_frame   0x0000a9e0       0x60 GLCD_LIB/u8g2_ll_hvline.o
 .debug_frame   0x0000aa40      0x20c GLCD_LIB/u8g2_setup.o
 .debug_frame   0x0000ac4c      0x308 GLCD_LIB/u8x8_8x8.o
 .debug_frame   0x0000af54      0x2c0 GLCD_LIB/u8x8_byte.o
 .debug_frame   0x0000b214      0x340 GLCD_LIB/u8x8_cad.o
 .debug_frame   0x0000b554      0x174 GLCD_LIB/u8x8_display.o
 .debug_frame   0x0000b6c8       0xb0 GLCD_LIB/u8x8_d_ks0108.o
 .debug_frame   0x0000b778       0x24 GLCD_LIB/u8x8_gpio.o
 .debug_frame   0x0000b79c       0x88 GLCD_LIB/u8x8_setup.o
 .debug_frame   0x0000b824       0x60 main.o

.debug_str      0x00000000    0x10367
 *(.debug_str)
 .debug_str     0x00000000      0x196 C:/Program Files (x86)/Atmel/Studio/7.0/Packs/atmel/ATmega_DFP/1.3.300/gcc/dev/atmega32/avr5/crtatmega32.o
 .debug_str     0x00000196      0x982 GLCD_LIB/u8g2_buffer.o
                                0xa28 (size before relaxing)
 .debug_str     0x00000b18      0x790 GLCD_LIB/u8g2_d_memory.o
                                0x8e4 (size before relaxing)
 .debug_str     0x000012a8     0x4cd5 GLCD_LIB/u8g2_d_setup.o
                               0x5c58 (size before relaxing)
 .debug_str     0x00005f7d      0x5ba GLCD_LIB/u8g2_font.o
                                0xe17 (size before relaxing)
 .debug_str     0x00006537     0x920d GLCD_LIB/u8g2_fonts.o
                               0x936a (size before relaxing)
 .debug_str     0x0000f744       0x88 GLCD_LIB/u8g2_hvline.o
                                0x8bf (size before relaxing)
 .debug_str     0x0000f7cc       0x43 GLCD_LIB/u8g2_intersection.o
                                0x878 (size before relaxing)
 .debug_str     0x0000f80f       0x6a GLCD_LIB/u8g2_ll_hvline.o
                                0x8a7 (size before relaxing)
 .debug_str     0x0000f879      0x23e GLCD_LIB/u8g2_setup.o
                                0xaea (size before relaxing)
 .debug_str     0x0000fab7      0x1c6 GLCD_LIB/u8x8_8x8.o
                                0x614 (size before relaxing)
 .debug_str     0x0000fc7d      0x20b GLCD_LIB/u8x8_byte.o
                                0x62d (size before relaxing)
 .debug_str     0x0000fe88      0x19f GLCD_LIB/u8x8_cad.o
                                0x679 (size before relaxing)
 .debug_str     0x00010027      0x13d GLCD_LIB/u8x8_display.o
                                0x590 (size before relaxing)
 .debug_str     0x00010164       0xfa GLCD_LIB/u8x8_d_ks0108.o
                                0x5c6 (size before relaxing)
 .debug_str     0x0001025e       0x18 GLCD_LIB/u8x8_gpio.o
                                0x431 (size before relaxing)
 .debug_str     0x00010276       0x60 GLCD_LIB/u8x8_setup.o
                                0x4d4 (size before relaxing)
 .debug_str     0x000102d6       0x91 main.o
                                0x963 (size before relaxing)

.debug_loc      0x00000000    0x49404
 *(.debug_loc)
 .debug_loc     0x00000000      0x910 GLCD_LIB/u8g2_buffer.o
 .debug_loc     0x00000910     0x14a0 GLCD_LIB/u8g2_d_memory.o
 .debug_loc     0x00001db0    0x3ca98 GLCD_LIB/u8g2_d_setup.o
 .debug_loc     0x0003e848     0x2e92 GLCD_LIB/u8g2_font.o
 .debug_loc     0x000416da      0x69d GLCD_LIB/u8g2_hvline.o
 .debug_loc     0x00041d77      0x192 GLCD_LIB/u8g2_intersection.o
 .debug_loc     0x00041f09      0x4b3 GLCD_LIB/u8g2_ll_hvline.o
 .debug_loc     0x000423bc      0xd38 GLCD_LIB/u8g2_setup.o
 .debug_loc     0x000430f4     0x1922 GLCD_LIB/u8x8_8x8.o
 .debug_loc     0x00044a16     0x1b9a GLCD_LIB/u8x8_byte.o
 .debug_loc     0x000465b0     0x1c7b GLCD_LIB/u8x8_cad.o
 .debug_loc     0x0004822b      0x588 GLCD_LIB/u8x8_display.o
 .debug_loc     0x000487b3      0x5b6 GLCD_LIB/u8x8_d_ks0108.o
 .debug_loc     0x00048d69       0x68 GLCD_LIB/u8x8_gpio.o
 .debug_loc     0x00048dd1      0x2df GLCD_LIB/u8x8_setup.o
 .debug_loc     0x000490b0      0x354 main.o

.debug_macinfo
 *(.debug_macinfo)

.debug_weaknames
 *(.debug_weaknames)

.debug_funcnames
 *(.debug_funcnames)

.debug_typenames
 *(.debug_typenames)

.debug_varnames
 *(.debug_varnames)

.debug_pubtypes
 *(.debug_pubtypes)

.debug_ranges   0x00000000     0x1e50
 *(.debug_ranges)
 .debug_ranges  0x00000000       0x68 GLCD_LIB/u8g2_buffer.o
 .debug_ranges  0x00000068      0x428 GLCD_LIB/u8g2_d_memory.o
 .debug_ranges  0x00000490     0x1328 GLCD_LIB/u8g2_d_setup.o
 .debug_ranges  0x000017b8      0x240 GLCD_LIB/u8g2_font.o
 .debug_ranges  0x000019f8       0x38 GLCD_LIB/u8g2_hvline.o
 .debug_ranges  0x00001a30       0x18 GLCD_LIB/u8g2_intersection.o
 .debug_ranges  0x00001a48       0x18 GLCD_LIB/u8g2_ll_hvline.o
 .debug_ranges  0x00001a60       0xb0 GLCD_LIB/u8g2_setup.o
 .debug_ranges  0x00001b10       0xd8 GLCD_LIB/u8x8_8x8.o
 .debug_ranges  0x00001be8       0xa0 GLCD_LIB/u8x8_byte.o
 .debug_ranges  0x00001c88       0xb0 GLCD_LIB/u8x8_cad.o
 .debug_ranges  0x00001d38       0x70 GLCD_LIB/u8x8_display.o
 .debug_ranges  0x00001da8       0x20 GLCD_LIB/u8x8_d_ks0108.o
 .debug_ranges  0x00001dc8       0x10 GLCD_LIB/u8x8_gpio.o
 .debug_ranges  0x00001dd8       0x28 GLCD_LIB/u8x8_setup.o
 .debug_ranges  0x00001e00       0x50 main.o

.debug_macro
 *(.debug_macro)
OUTPUT(WFT.elf elf32-avr)
LOAD linker stubs
